[2026-07-15T14:51:39.432Z] GET file:///C:/Users/FedericoMeschini/OneDrive%20-%20OpenEconomics%20S.r.l/Desktop/FIFA%20LENOVO/frontend/index.html → 200 (4ms, 2804B)
[2026-07-15T14:51:39.449Z] GET file:///C:/Users/FedericoMeschini/OneDrive%20-%20OpenEconomics%20S.r.l/Desktop/FIFA%20LENOVO/frontend/ds-kit/fonts.css → 200 (6ms, 754B)
[2026-07-15T14:51:39.454Z] GET file:///C:/Users/FedericoMeschini/OneDrive%20-%20OpenEconomics%20S.r.l/Desktop/FIFA%20LENOVO/frontend/ds-kit/colors_and_type.css → 200 (3ms, 20226B)
[2026-07-15T14:51:39.454Z] GET file:///C:/Users/FedericoMeschini/OneDrive%20-%20OpenEconomics%20S.r.l/Desktop/FIFA%20LENOVO/frontend/ds-kit/components.css → 200 (3ms, 35671B)
[2026-07-15T14:51:39.454Z] GET file:///C:/Users/FedericoMeschini/OneDrive%20-%20OpenEconomics%20S.r.l/Desktop/FIFA%20LENOVO/frontend/styles/app.css → 200 (5ms, 16454B)
[2026-07-15T14:51:39.454Z] GET file:///C:/Users/FedericoMeschini/OneDrive%20-%20OpenEconomics%20S.r.l/Desktop/FIFA%20LENOVO/frontend/ds-kit/components/logo-black.svg → 200 (5ms, 12129B)
[2026-07-15T14:51:39.454Z] GET file:///C:/Users/FedericoMeschini/OneDrive%20-%20OpenEconomics%20S.r.l/Desktop/FIFA%20LENOVO/frontend/vendor/chart.umd.js → 200 (6ms, 208518B)
[2026-07-15T14:51:39.454Z] GET file:///C:/Users/FedericoMeschini/OneDrive%20-%20OpenEconomics%20S.r.l/Desktop/FIFA%20LENOVO/frontend/ds-kit/tokens.js → 200 (7ms, 1465B)
[2026-07-15T14:51:39.454Z] GET file:///C:/Users/FedericoMeschini/OneDrive%20-%20OpenEconomics%20S.r.l/Desktop/FIFA%20LENOVO/frontend/data/real-data.js → 200 (8ms, 101215B)
[2026-07-15T14:51:39.454Z] GET file:///C:/Users/FedericoMeschini/OneDrive%20-%20OpenEconomics%20S.r.l/Desktop/FIFA%20LENOVO/frontend/data/demo-data.js → 200 (9ms, 115951B)
[2026-07-15T14:51:39.454Z] GET file:///C:/Users/FedericoMeschini/OneDrive%20-%20OpenEconomics%20S.r.l/Desktop/FIFA%20LENOVO/frontend/js/theme.js → 200 (9ms, 1627B)
[2026-07-15T14:51:39.454Z] GET file:///C:/Users/FedericoMeschini/OneDrive%20-%20OpenEconomics%20S.r.l/Desktop/FIFA%20LENOVO/frontend/js/format.js → 200 (11ms, 1718B)
[2026-07-15T14:51:39.454Z] GET file:///C:/Users/FedericoMeschini/OneDrive%20-%20OpenEconomics%20S.r.l/Desktop/FIFA%20LENOVO/frontend/js/copy.js → 200 (14ms, 8007B)
[2026-07-15T14:51:39.454Z] GET file:///C:/Users/FedericoMeschini/OneDrive%20-%20OpenEconomics%20S.r.l/Desktop/FIFA%20LENOVO/frontend/js/charts.js → 200 (16ms, 12141B)
[2026-07-15T14:51:39.454Z] GET file:///C:/Users/FedericoMeschini/OneDrive%20-%20OpenEconomics%20S.r.l/Desktop/FIFA%20LENOVO/frontend/js/components.js → 200 (17ms, 6030B)
[2026-07-15T14:51:39.454Z] GET file:///C:/Users/FedericoMeschini/OneDrive%20-%20OpenEconomics%20S.r.l/Desktop/FIFA%20LENOVO/frontend/js/screens/v0-overview.js → 200 (19ms, 3050B)
[2026-07-15T14:51:39.454Z] GET file:///C:/Users/FedericoMeschini/OneDrive%20-%20OpenEconomics%20S.r.l/Desktop/FIFA%20LENOVO/frontend/js/screens/v1-reach.js → 200 (21ms, 4144B)
[2026-07-15T14:51:39.454Z] GET file:///C:/Users/FedericoMeschini/OneDrive%20-%20OpenEconomics%20S.r.l/Desktop/FIFA%20LENOVO/frontend/js/screens/v2-attention.js → 200 (24ms, 3704B)
[2026-07-15T14:51:39.454Z] GET file:///C:/Users/FedericoMeschini/OneDrive%20-%20OpenEconomics%20S.r.l/Desktop/FIFA%20LENOVO/frontend/js/screens/v3-perception.js → 200 (27ms, 3585B)
[2026-07-15T14:51:39.454Z] GET file:///C:/Users/FedericoMeschini/OneDrive%20-%20OpenEconomics%20S.r.l/Desktop/FIFA%20LENOVO/frontend/js/screens/v4-portfolio.js → 200 (28ms, 3593B)
[2026-07-15T14:51:39.454Z] GET file:///C:/Users/FedericoMeschini/OneDrive%20-%20OpenEconomics%20S.r.l/Desktop/FIFA%20LENOVO/frontend/js/screens/v5-proof.js → 200 (28ms, 3829B)
[2026-07-15T14:51:39.455Z] GET file:///C:/Users/FedericoMeschini/OneDrive%20-%20OpenEconomics%20S.r.l/Desktop/FIFA%20LENOVO/frontend/js/screens/v6-return.js → 200 (28ms, 4519B)
[2026-07-15T14:51:39.455Z] GET file:///C:/Users/FedericoMeschini/OneDrive%20-%20OpenEconomics%20S.r.l/Desktop/FIFA%20LENOVO/frontend/js/screens/v7-about.js → 200 (28ms, 1126B)
[2026-07-15T14:51:39.455Z] GET file:///C:/Users/FedericoMeschini/OneDrive%20-%20OpenEconomics%20S.r.l/Desktop/FIFA%20LENOVO/frontend/js/app.js → 200 (30ms, 2793B)
[2026-07-15T14:51:39.528Z] GET file:///C:/Users/FedericoMeschini/OneDrive%20-%20OpenEconomics%20S.r.l/Desktop/FIFA%20LENOVO/frontend/ds-kit/fonts/AtkinsonHyperlegibleMono-VariableFont_wght.ttf → 200 (8ms, 53432B)
[2026-07-15T14:51:39.528Z] GET file:///C:/Users/FedericoMeschini/OneDrive%20-%20OpenEconomics%20S.r.l/Desktop/FIFA%20LENOVO/frontend/ds-kit/fonts/AtkinsonHyperlegibleNext-VariableFont_wght.ttf → 200 (13ms, 113948B)
[2026-07-15T14:51:39.604Z] GET file:///C:/Users/FedericoMeschini/OneDrive%20-%20OpenEconomics%20S.r.l/Desktop/FIFA%20LENOVO/frontend/ds-kit/fonts/HedvigLettersSerif-18pt-Regular.ttf → 200 (1ms, 80556B)
[2026-07-15T14:56:20.459Z] GET file:///C:/Users/FedericoMeschini/OneDrive%20-%20OpenEconomics%20S.r.l/Desktop/FIFA%20LENOVO/frontend/index.html → 200 (4ms, 2804B)
[2026-07-15T14:56:20.517Z] GET file:///C:/Users/FedericoMeschini/OneDrive%20-%20OpenEconomics%20S.r.l/Desktop/FIFA%20LENOVO/frontend/ds-kit/fonts.css → 200 (2ms, 754B)
[2026-07-15T14:56:20.517Z] GET file:///C:/Users/FedericoMeschini/OneDrive%20-%20OpenEconomics%20S.r.l/Desktop/FIFA%20LENOVO/frontend/ds-kit/colors_and_type.css → 200 (3ms, 20226B)
[2026-07-15T14:56:20.517Z] GET file:///C:/Users/FedericoMeschini/OneDrive%20-%20OpenEconomics%20S.r.l/Desktop/FIFA%20LENOVO/frontend/ds-kit/components.css → 200 (5ms, 35671B)
[2026-07-15T14:56:20.517Z] GET file:///C:/Users/FedericoMeschini/OneDrive%20-%20OpenEconomics%20S.r.l/Desktop/FIFA%20LENOVO/frontend/styles/app.css → 200 (5ms, 16679B)
[2026-07-15T14:56:20.517Z] GET file:///C:/Users/FedericoMeschini/OneDrive%20-%20OpenEconomics%20S.r.l/Desktop/FIFA%20LENOVO/frontend/ds-kit/components/logo-black.svg → 200 (6ms, 12129B)
[2026-07-15T14:56:20.517Z] GET file:///C:/Users/FedericoMeschini/OneDrive%20-%20OpenEconomics%20S.r.l/Desktop/FIFA%20LENOVO/frontend/vendor/chart.umd.js → 200 (7ms, 208518B)
[2026-07-15T14:56:20.517Z] GET file:///C:/Users/FedericoMeschini/OneDrive%20-%20OpenEconomics%20S.r.l/Desktop/FIFA%20LENOVO/frontend/ds-kit/tokens.js → 200 (13ms, 1465B)
[2026-07-15T14:56:20.517Z] GET file:///C:/Users/FedericoMeschini/OneDrive%20-%20OpenEconomics%20S.r.l/Desktop/FIFA%20LENOVO/frontend/data/real-data.js → 200 (13ms, 101215B)
[2026-07-15T14:56:20.517Z] GET file:///C:/Users/FedericoMeschini/OneDrive%20-%20OpenEconomics%20S.r.l/Desktop/FIFA%20LENOVO/frontend/data/demo-data.js → 200 (13ms, 115955B)
[2026-07-15T14:56:20.517Z] GET file:///C:/Users/FedericoMeschini/OneDrive%20-%20OpenEconomics%20S.r.l/Desktop/FIFA%20LENOVO/frontend/js/theme.js → 200 (16ms, 1627B)
[2026-07-15T14:56:20.517Z] GET file:///C:/Users/FedericoMeschini/OneDrive%20-%20OpenEconomics%20S.r.l/Desktop/FIFA%20LENOVO/frontend/js/format.js → 200 (19ms, 1718B)
[2026-07-15T14:56:20.517Z] GET file:///C:/Users/FedericoMeschini/OneDrive%20-%20OpenEconomics%20S.r.l/Desktop/FIFA%20LENOVO/frontend/js/copy.js → 200 (23ms, 8007B)
[2026-07-15T14:56:20.517Z] GET file:///C:/Users/FedericoMeschini/OneDrive%20-%20OpenEconomics%20S.r.l/Desktop/FIFA%20LENOVO/frontend/js/charts.js → 200 (25ms, 12459B)
[2026-07-15T14:56:20.517Z] GET file:///C:/Users/FedericoMeschini/OneDrive%20-%20OpenEconomics%20S.r.l/Desktop/FIFA%20LENOVO/frontend/js/components.js → 200 (25ms, 6297B)
[2026-07-15T14:56:20.517Z] GET file:///C:/Users/FedericoMeschini/OneDrive%20-%20OpenEconomics%20S.r.l/Desktop/FIFA%20LENOVO/frontend/js/screens/v0-overview.js → 200 (28ms, 3050B)
[2026-07-15T14:56:20.517Z] GET file:///C:/Users/FedericoMeschini/OneDrive%20-%20OpenEconomics%20S.r.l/Desktop/FIFA%20LENOVO/frontend/js/screens/v1-reach.js → 200 (31ms, 4144B)
[2026-07-15T14:56:20.517Z] GET file:///C:/Users/FedericoMeschini/OneDrive%20-%20OpenEconomics%20S.r.l/Desktop/FIFA%20LENOVO/frontend/js/screens/v2-attention.js → 200 (33ms, 3702B)
[2026-07-15T14:56:20.517Z] GET file:///C:/Users/FedericoMeschini/OneDrive%20-%20OpenEconomics%20S.r.l/Desktop/FIFA%20LENOVO/frontend/js/screens/v3-perception.js → 200 (37ms, 3585B)
[2026-07-15T14:56:20.517Z] GET file:///C:/Users/FedericoMeschini/OneDrive%20-%20OpenEconomics%20S.r.l/Desktop/FIFA%20LENOVO/frontend/js/screens/v4-portfolio.js → 200 (39ms, 3593B)
[2026-07-15T14:56:20.517Z] GET file:///C:/Users/FedericoMeschini/OneDrive%20-%20OpenEconomics%20S.r.l/Desktop/FIFA%20LENOVO/frontend/js/screens/v5-proof.js → 200 (42ms, 3829B)
[2026-07-15T14:56:20.517Z] GET file:///C:/Users/FedericoMeschini/OneDrive%20-%20OpenEconomics%20S.r.l/Desktop/FIFA%20LENOVO/frontend/js/screens/v6-return.js → 200 (48ms, 4519B)
[2026-07-15T14:56:20.517Z] GET file:///C:/Users/FedericoMeschini/OneDrive%20-%20OpenEconomics%20S.r.l/Desktop/FIFA%20LENOVO/frontend/js/screens/v7-about.js → 200 (51ms, 1126B)
[2026-07-15T14:56:20.517Z] GET file:///C:/Users/FedericoMeschini/OneDrive%20-%20OpenEconomics%20S.r.l/Desktop/FIFA%20LENOVO/frontend/js/app.js → 200 (54ms, 2793B)
[2026-07-15T14:56:20.597Z] GET file:///C:/Users/FedericoMeschini/OneDrive%20-%20OpenEconomics%20S.r.l/Desktop/FIFA%20LENOVO/frontend/ds-kit/fonts/AtkinsonHyperlegibleMono-VariableFont_wght.ttf → 200 (7ms, 53432B)
[2026-07-15T14:56:20.597Z] GET file:///C:/Users/FedericoMeschini/OneDrive%20-%20OpenEconomics%20S.r.l/Desktop/FIFA%20LENOVO/frontend/ds-kit/fonts/AtkinsonHyperlegibleNext-VariableFont_wght.ttf → 200 (13ms, 113948B)
[2026-07-15T14:57:09.615Z] GET file:///C:/Users/FedericoMeschini/OneDrive%20-%20OpenEconomics%20S.r.l/Desktop/FIFA%20LENOVO/frontend/ds-kit/fonts/HedvigLettersSerif-18pt-Regular.ttf → 200 (3ms, 80556B)
[2026-07-15T14:59:25.051Z] GET file:///C:/Users/FedericoMeschini/OneDrive%20-%20OpenEconomics%20S.r.l/Desktop/FIFA%20LENOVO/frontend/index.html → 200 (4ms, 2804B)
[2026-07-15T14:59:25.072Z] GET file:///C:/Users/FedericoMeschini/OneDrive%20-%20OpenEconomics%20S.r.l/Desktop/FIFA%20LENOVO/frontend/ds-kit/fonts.css → 200 (7ms, 754B)
[2026-07-15T14:59:25.072Z] GET file:///C:/Users/FedericoMeschini/OneDrive%20-%20OpenEconomics%20S.r.l/Desktop/FIFA%20LENOVO/frontend/ds-kit/colors_and_type.css → 200 (9ms, 20226B)
[2026-07-15T14:59:25.072Z] GET file:///C:/Users/FedericoMeschini/OneDrive%20-%20OpenEconomics%20S.r.l/Desktop/FIFA%20LENOVO/frontend/ds-kit/components.css → 200 (11ms, 35671B)
[2026-07-15T14:59:25.077Z] GET file:///C:/Users/FedericoMeschini/OneDrive%20-%20OpenEconomics%20S.r.l/Desktop/FIFA%20LENOVO/frontend/styles/app.css → 200 (6ms, 16682B)
[2026-07-15T14:59:25.077Z] GET file:///C:/Users/FedericoMeschini/OneDrive%20-%20OpenEconomics%20S.r.l/Desktop/FIFA%20LENOVO/frontend/ds-kit/components/logo-black.svg → 200 (7ms, 12129B)
[2026-07-15T14:59:25.077Z] GET file:///C:/Users/FedericoMeschini/OneDrive%20-%20OpenEconomics%20S.r.l/Desktop/FIFA%20LENOVO/frontend/vendor/chart.umd.js → 200 (9ms, ?B)
[2026-07-15T14:59:25.077Z] GET file:///C:/Users/FedericoMeschini/OneDrive%20-%20OpenEconomics%20S.r.l/Desktop/FIFA%20LENOVO/frontend/ds-kit/tokens.js → 200 (9ms, 1465B)
[2026-07-15T14:59:25.077Z] GET file:///C:/Users/FedericoMeschini/OneDrive%20-%20OpenEconomics%20S.r.l/Desktop/FIFA%20LENOVO/frontend/data/real-data.js → 200 (9ms, ?B)
[2026-07-15T14:59:25.077Z] GET file:///C:/Users/FedericoMeschini/OneDrive%20-%20OpenEconomics%20S.r.l/Desktop/FIFA%20LENOVO/frontend/data/demo-data.js → 200 (9ms, ?B)
[2026-07-15T14:59:25.078Z] GET file:///C:/Users/FedericoMeschini/OneDrive%20-%20OpenEconomics%20S.r.l/Desktop/FIFA%20LENOVO/frontend/js/theme.js → 200 (10ms, 1627B)
[2026-07-15T14:59:25.078Z] GET file:///C:/Users/FedericoMeschini/OneDrive%20-%20OpenEconomics%20S.r.l/Desktop/FIFA%20LENOVO/frontend/js/format.js → 200 (10ms, 1718B)
[2026-07-15T14:59:25.078Z] GET file:///C:/Users/FedericoMeschini/OneDrive%20-%20OpenEconomics%20S.r.l/Desktop/FIFA%20LENOVO/frontend/js/copy.js → 200 (10ms, 8007B)
[2026-07-15T14:59:25.078Z] GET file:///C:/Users/FedericoMeschini/OneDrive%20-%20OpenEconomics%20S.r.l/Desktop/FIFA%20LENOVO/frontend/js/charts.js → 200 (11ms, ?B)
[2026-07-15T14:59:25.078Z] GET file:///C:/Users/FedericoMeschini/OneDrive%20-%20OpenEconomics%20S.r.l/Desktop/FIFA%20LENOVO/frontend/js/components.js → 200 (13ms, ?B)
[2026-07-15T14:59:25.078Z] GET file:///C:/Users/FedericoMeschini/OneDrive%20-%20OpenEconomics%20S.r.l/Desktop/FIFA%20LENOVO/frontend/js/screens/v0-overview.js → 200 (17ms, ?B)
[2026-07-15T14:59:25.078Z] GET file:///C:/Users/FedericoMeschini/OneDrive%20-%20OpenEconomics%20S.r.l/Desktop/FIFA%20LENOVO/frontend/js/screens/v1-reach.js → 200 (18ms, ?B)
[2026-07-15T14:59:25.078Z] GET file:///C:/Users/FedericoMeschini/OneDrive%20-%20OpenEconomics%20S.r.l/Desktop/FIFA%20LENOVO/frontend/js/screens/v2-attention.js → 200 (18ms, ?B)
[2026-07-15T14:59:25.078Z] GET file:///C:/Users/FedericoMeschini/OneDrive%20-%20OpenEconomics%20S.r.l/Desktop/FIFA%20LENOVO/frontend/js/screens/v3-perception.js → 200 (19ms, ?B)
[2026-07-15T14:59:25.078Z] GET file:///C:/Users/FedericoMeschini/OneDrive%20-%20OpenEconomics%20S.r.l/Desktop/FIFA%20LENOVO/frontend/js/screens/v4-portfolio.js → 200 (19ms, ?B)
[2026-07-15T14:59:25.078Z] GET file:///C:/Users/FedericoMeschini/OneDrive%20-%20OpenEconomics%20S.r.l/Desktop/FIFA%20LENOVO/frontend/js/screens/v5-proof.js → 200 (21ms, ?B)
[2026-07-15T14:59:25.078Z] GET file:///C:/Users/FedericoMeschini/OneDrive%20-%20OpenEconomics%20S.r.l/Desktop/FIFA%20LENOVO/frontend/js/screens/v6-return.js → 200 (22ms, ?B)
[2026-07-15T14:59:25.078Z] GET file:///C:/Users/FedericoMeschini/OneDrive%20-%20OpenEconomics%20S.r.l/Desktop/FIFA%20LENOVO/frontend/js/screens/v7-about.js → 200 (26ms, ?B)
[2026-07-15T14:59:25.078Z] GET file:///C:/Users/FedericoMeschini/OneDrive%20-%20OpenEconomics%20S.r.l/Desktop/FIFA%20LENOVO/frontend/js/app.js → 200 (28ms, ?B)
[2026-07-15T14:59:25.122Z] GET file:///C:/Users/FedericoMeschini/OneDrive%20-%20OpenEconomics%20S.r.l/Desktop/FIFA%20LENOVO/frontend/ds-kit/fonts/AtkinsonHyperlegibleMono-VariableFont_wght.ttf → 200 (1ms, 53432B)
[2026-07-15T14:59:25.122Z] GET file:///C:/Users/FedericoMeschini/OneDrive%20-%20OpenEconomics%20S.r.l/Desktop/FIFA%20LENOVO/frontend/ds-kit/fonts/AtkinsonHyperlegibleNext-VariableFont_wght.ttf → 200 (5ms, ?B)
[2026-07-15T14:59:25.197Z] GET file:///C:/Users/FedericoMeschini/OneDrive%20-%20OpenEconomics%20S.r.l/Desktop/FIFA%20LENOVO/frontend/ds-kit/fonts/HedvigLettersSerif-18pt-Regular.ttf → 200 (4ms, 80556B)
[2026-07-15T15:02:09.138Z] GET file:///C:/Users/FedericoMeschini/OneDrive%20-%20OpenEconomics%20S.r.l/Desktop/FIFA%20LENOVO/frontend/index.html → 200 (5ms, 2804B)
[2026-07-15T15:02:09.161Z] GET file:///C:/Users/FedericoMeschini/OneDrive%20-%20OpenEconomics%20S.r.l/Desktop/FIFA%20LENOVO/frontend/ds-kit/fonts.css → 200 (4ms, 754B)
[2026-07-15T15:02:09.161Z] GET file:///C:/Users/FedericoMeschini/OneDrive%20-%20OpenEconomics%20S.r.l/Desktop/FIFA%20LENOVO/frontend/ds-kit/colors_and_type.css → 200 (9ms, ?B)
[2026-07-15T15:02:09.164Z] GET file:///C:/Users/FedericoMeschini/OneDrive%20-%20OpenEconomics%20S.r.l/Desktop/FIFA%20LENOVO/frontend/ds-kit/components.css → 200 (7ms, ?B)
[2026-07-15T15:02:09.164Z] GET file:///C:/Users/FedericoMeschini/OneDrive%20-%20OpenEconomics%20S.r.l/Desktop/FIFA%20LENOVO/frontend/styles/app.css → 200 (7ms, ?B)
[2026-07-15T15:02:09.164Z] GET file:///C:/Users/FedericoMeschini/OneDrive%20-%20OpenEconomics%20S.r.l/Desktop/FIFA%20LENOVO/frontend/ds-kit/components/logo-black.svg → 200 (10ms, ?B)
[2026-07-15T15:02:09.164Z] GET file:///C:/Users/FedericoMeschini/OneDrive%20-%20OpenEconomics%20S.r.l/Desktop/FIFA%20LENOVO/frontend/vendor/chart.umd.js → 200 (16ms, ?B)
[2026-07-15T15:02:09.164Z] GET file:///C:/Users/FedericoMeschini/OneDrive%20-%20OpenEconomics%20S.r.l/Desktop/FIFA%20LENOVO/frontend/ds-kit/tokens.js → 200 (19ms, ?B)
[2026-07-15T15:02:09.164Z] GET file:///C:/Users/FedericoMeschini/OneDrive%20-%20OpenEconomics%20S.r.l/Desktop/FIFA%20LENOVO/frontend/data/real-data.js → 200 (23ms, ?B)
[2026-07-15T15:02:09.164Z] GET file:///C:/Users/FedericoMeschini/OneDrive%20-%20OpenEconomics%20S.r.l/Desktop/FIFA%20LENOVO/frontend/data/demo-data.js → 200 (27ms, ?B)
[2026-07-15T15:02:09.164Z] GET file:///C:/Users/FedericoMeschini/OneDrive%20-%20OpenEconomics%20S.r.l/Desktop/FIFA%20LENOVO/frontend/js/theme.js → 200 (30ms, ?B)
[2026-07-15T15:02:09.164Z] GET file:///C:/Users/FedericoMeschini/OneDrive%20-%20OpenEconomics%20S.r.l/Desktop/FIFA%20LENOVO/frontend/js/format.js → 200 (33ms, ?B)
[2026-07-15T15:02:09.164Z] GET file:///C:/Users/FedericoMeschini/OneDrive%20-%20OpenEconomics%20S.r.l/Desktop/FIFA%20LENOVO/frontend/js/copy.js → 200 (34ms, ?B)
[2026-07-15T15:02:09.164Z] GET file:///C:/Users/FedericoMeschini/OneDrive%20-%20OpenEconomics%20S.r.l/Desktop/FIFA%20LENOVO/frontend/js/charts.js → 200 (38ms, ?B)
[2026-07-15T15:02:09.165Z] GET file:///C:/Users/FedericoMeschini/OneDrive%20-%20OpenEconomics%20S.r.l/Desktop/FIFA%20LENOVO/frontend/js/components.js → 200 (41ms, ?B)
[2026-07-15T15:02:09.165Z] GET file:///C:/Users/FedericoMeschini/OneDrive%20-%20OpenEconomics%20S.r.l/Desktop/FIFA%20LENOVO/frontend/js/screens/v0-overview.js → 200 (42ms, ?B)
[2026-07-15T15:02:09.165Z] GET file:///C:/Users/FedericoMeschini/OneDrive%20-%20OpenEconomics%20S.r.l/Desktop/FIFA%20LENOVO/frontend/js/screens/v1-reach.js → 200 (45ms, ?B)
[2026-07-15T15:02:09.165Z] GET file:///C:/Users/FedericoMeschini/OneDrive%20-%20OpenEconomics%20S.r.l/Desktop/FIFA%20LENOVO/frontend/js/screens/v2-attention.js → 200 (51ms, ?B)
[2026-07-15T15:02:09.165Z] GET file:///C:/Users/FedericoMeschini/OneDrive%20-%20OpenEconomics%20S.r.l/Desktop/FIFA%20LENOVO/frontend/js/screens/v3-perception.js → 200 (52ms, ?B)
[2026-07-15T15:02:09.165Z] GET file:///C:/Users/FedericoMeschini/OneDrive%20-%20OpenEconomics%20S.r.l/Desktop/FIFA%20LENOVO/frontend/js/screens/v4-portfolio.js → pending (?ms, ?B)
[2026-07-15T15:02:09.165Z] GET file:///C:/Users/FedericoMeschini/OneDrive%20-%20OpenEconomics%20S.r.l/Desktop/FIFA%20LENOVO/frontend/js/screens/v5-proof.js → pending (?ms, ?B)
[2026-07-15T15:02:09.165Z] GET file:///C:/Users/FedericoMeschini/OneDrive%20-%20OpenEconomics%20S.r.l/Desktop/FIFA%20LENOVO/frontend/js/screens/v6-return.js → pending (?ms, ?B)
[2026-07-15T15:02:09.165Z] GET file:///C:/Users/FedericoMeschini/OneDrive%20-%20OpenEconomics%20S.r.l/Desktop/FIFA%20LENOVO/frontend/js/screens/v7-about.js → pending (?ms, ?B)
[2026-07-15T15:02:09.165Z] GET file:///C:/Users/FedericoMeschini/OneDrive%20-%20OpenEconomics%20S.r.l/Desktop/FIFA%20LENOVO/frontend/js/app.js → pending (?ms, ?B)
[2026-07-15T15:02:09.250Z] GET file:///C:/Users/FedericoMeschini/OneDrive%20-%20OpenEconomics%20S.r.l/Desktop/FIFA%20LENOVO/frontend/ds-kit/fonts/AtkinsonHyperlegibleMono-VariableFont_wght.ttf → 200 (8ms, 53432B)
[2026-07-15T15:02:09.250Z] GET file:///C:/Users/FedericoMeschini/OneDrive%20-%20OpenEconomics%20S.r.l/Desktop/FIFA%20LENOVO/frontend/ds-kit/fonts/AtkinsonHyperlegibleNext-VariableFont_wght.ttf → 200 (22ms, 113948B)
[2026-07-15T15:04:45.070Z] GET file:///C:/Users/FedericoMeschini/OneDrive%20-%20OpenEconomics%20S.r.l/Desktop/FIFA%20LENOVO/frontend/ds-kit/fonts/HedvigLettersSerif-18pt-Regular.ttf → 200 (3ms, ?B)
[2026-07-15T15:09:04.994Z] GET file:///C:/Users/FedericoMeschini/OneDrive%20-%20OpenEconomics%20S.r.l/Desktop/FIFA%20LENOVO/frontend/index.html → 200 (3ms, 2804B)
[2026-07-15T15:09:05.006Z] GET file:///C:/Users/FedericoMeschini/OneDrive%20-%20OpenEconomics%20S.r.l/Desktop/FIFA%20LENOVO/frontend/ds-kit/fonts.css → 200 (2ms, 754B)
[2026-07-15T15:09:05.008Z] GET file:///C:/Users/FedericoMeschini/OneDrive%20-%20OpenEconomics%20S.r.l/Desktop/FIFA%20LENOVO/frontend/ds-kit/colors_and_type.css → 200 (1ms, 20226B)
[2026-07-15T15:09:05.008Z] GET file:///C:/Users/FedericoMeschini/OneDrive%20-%20OpenEconomics%20S.r.l/Desktop/FIFA%20LENOVO/frontend/ds-kit/components.css → 200 (1ms, 35671B)
[2026-07-15T15:09:05.008Z] GET file:///C:/Users/FedericoMeschini/OneDrive%20-%20OpenEconomics%20S.r.l/Desktop/FIFA%20LENOVO/frontend/styles/app.css → 200 (1ms, 16677B)
[2026-07-15T15:09:05.008Z] GET file:///C:/Users/FedericoMeschini/OneDrive%20-%20OpenEconomics%20S.r.l/Desktop/FIFA%20LENOVO/frontend/ds-kit/components/logo-black.svg → 200 (2ms, 12129B)
[2026-07-15T15:09:05.008Z] GET file:///C:/Users/FedericoMeschini/OneDrive%20-%20OpenEconomics%20S.r.l/Desktop/FIFA%20LENOVO/frontend/vendor/chart.umd.js → 200 (3ms, 208518B)
[2026-07-15T15:09:05.008Z] GET file:///C:/Users/FedericoMeschini/OneDrive%20-%20OpenEconomics%20S.r.l/Desktop/FIFA%20LENOVO/frontend/ds-kit/tokens.js → 200 (3ms, 1465B)
[2026-07-15T15:09:05.008Z] GET file:///C:/Users/FedericoMeschini/OneDrive%20-%20OpenEconomics%20S.r.l/Desktop/FIFA%20LENOVO/frontend/data/real-data.js → 200 (3ms, 101215B)
[2026-07-15T15:09:05.008Z] GET file:///C:/Users/FedericoMeschini/OneDrive%20-%20OpenEconomics%20S.r.l/Desktop/FIFA%20LENOVO/frontend/data/demo-data.js → 200 (4ms, 115955B)
[2026-07-15T15:09:05.008Z] GET file:///C:/Users/FedericoMeschini/OneDrive%20-%20OpenEconomics%20S.r.l/Desktop/FIFA%20LENOVO/frontend/js/theme.js → 200 (5ms, 1627B)
[2026-07-15T15:09:05.008Z] GET file:///C:/Users/FedericoMeschini/OneDrive%20-%20OpenEconomics%20S.r.l/Desktop/FIFA%20LENOVO/frontend/js/format.js → 200 (5ms, 1718B)
[2026-07-15T15:09:05.008Z] GET file:///C:/Users/FedericoMeschini/OneDrive%20-%20OpenEconomics%20S.r.l/Desktop/FIFA%20LENOVO/frontend/js/copy.js → 200 (6ms, 8030B)
[2026-07-15T15:09:05.008Z] GET file:///C:/Users/FedericoMeschini/OneDrive%20-%20OpenEconomics%20S.r.l/Desktop/FIFA%20LENOVO/frontend/js/charts.js → 200 (7ms, 12459B)
[2026-07-15T15:09:05.008Z] GET file:///C:/Users/FedericoMeschini/OneDrive%20-%20OpenEconomics%20S.r.l/Desktop/FIFA%20LENOVO/frontend/js/components.js → 200 (8ms, 6297B)
[2026-07-15T15:09:05.008Z] GET file:///C:/Users/FedericoMeschini/OneDrive%20-%20OpenEconomics%20S.r.l/Desktop/FIFA%20LENOVO/frontend/js/screens/v0-overview.js → 200 (8ms, 3187B)
[2026-07-15T15:09:05.008Z] GET file:///C:/Users/FedericoMeschini/OneDrive%20-%20OpenEconomics%20S.r.l/Desktop/FIFA%20LENOVO/frontend/js/screens/v1-reach.js → 200 (9ms, 4144B)
[2026-07-15T15:09:05.008Z] GET file:///C:/Users/FedericoMeschini/OneDrive%20-%20OpenEconomics%20S.r.l/Desktop/FIFA%20LENOVO/frontend/js/screens/v2-attention.js → 200 (10ms, 3702B)
[2026-07-15T15:09:05.008Z] GET file:///C:/Users/FedericoMeschini/OneDrive%20-%20OpenEconomics%20S.r.l/Desktop/FIFA%20LENOVO/frontend/js/screens/v3-perception.js → 200 (11ms, 3585B)
[2026-07-15T15:09:05.008Z] GET file:///C:/Users/FedericoMeschini/OneDrive%20-%20OpenEconomics%20S.r.l/Desktop/FIFA%20LENOVO/frontend/js/screens/v4-portfolio.js → 200 (12ms, 3593B)
[2026-07-15T15:09:05.008Z] GET file:///C:/Users/FedericoMeschini/OneDrive%20-%20OpenEconomics%20S.r.l/Desktop/FIFA%20LENOVO/frontend/js/screens/v5-proof.js → 200 (13ms, 4640B)
[2026-07-15T15:09:05.008Z] GET file:///C:/Users/FedericoMeschini/OneDrive%20-%20OpenEconomics%20S.r.l/Desktop/FIFA%20LENOVO/frontend/js/screens/v6-return.js → 200 (14ms, 4519B)
[2026-07-15T15:09:05.008Z] GET file:///C:/Users/FedericoMeschini/OneDrive%20-%20OpenEconomics%20S.r.l/Desktop/FIFA%20LENOVO/frontend/js/screens/v7-about.js → 200 (15ms, 1126B)
[2026-07-15T15:09:05.008Z] GET file:///C:/Users/FedericoMeschini/OneDrive%20-%20OpenEconomics%20S.r.l/Desktop/FIFA%20LENOVO/frontend/js/app.js → 200 (15ms, 2793B)
[2026-07-15T15:09:05.032Z] GET file:///C:/Users/FedericoMeschini/OneDrive%20-%20OpenEconomics%20S.r.l/Desktop/FIFA%20LENOVO/frontend/ds-kit/fonts/AtkinsonHyperlegibleMono-VariableFont_wght.ttf → 200 (?ms, 53432B)
[2026-07-15T15:09:05.032Z] GET file:///C:/Users/FedericoMeschini/OneDrive%20-%20OpenEconomics%20S.r.l/Desktop/FIFA%20LENOVO/frontend/ds-kit/fonts/AtkinsonHyperlegibleNext-VariableFont_wght.ttf → 200 (1ms, 113948B)
[2026-07-15T15:09:06.456Z] GET file:///C:/Users/FedericoMeschini/OneDrive%20-%20OpenEconomics%20S.r.l/Desktop/FIFA%20LENOVO/frontend/ds-kit/fonts/HedvigLettersSerif-18pt-Regular.ttf → 200 (3ms, 80556B)
